V3 3
FL "C:/Users/shimonrigdon/Desktop/Micah for uComp/uComp_CPLD/Main_Code.vhd" 2018/03/18.16:47:51 P.68d
EN work/Main_Code 1521410421 \
      FL "C:/Users/shimonrigdon/Desktop/Micah for uComp/uComp_CPLD/Main_Code.vhd" \
      PB ieee/std_logic_1164 1370735607
AR work/Main_Code/Behavioral 1521410422 \
      FL "C:/Users/shimonrigdon/Desktop/Micah for uComp/uComp_CPLD/Main_Code.vhd" \
      EN work/Main_Code 1521410421
